Archive member included because of file (symbol)

o:/avr/as6/extensions/atmel/avrgcc/3.4.0.65/avrtoolchain/bin/../lib/gcc/avr/4.6.2/avr51\libgcc.a(_divmodsi4.o)
                              Main.o (__divmodsi4)
o:/avr/as6/extensions/atmel/avrgcc/3.4.0.65/avrtoolchain/bin/../lib/gcc/avr/4.6.2/avr51\libgcc.a(_exit.o)
                              o:/avr/as6/extensions/atmel/avrgcc/3.4.0.65/avrtoolchain/bin/../lib/gcc/avr/4.6.2/../../../../avr/lib/avr51/crtm128.o (exit)
o:/avr/as6/extensions/atmel/avrgcc/3.4.0.65/avrtoolchain/bin/../lib/gcc/avr/4.6.2/avr51\libgcc.a(_copy_data.o)
                              Main.o (__do_copy_data)
o:/avr/as6/extensions/atmel/avrgcc/3.4.0.65/avrtoolchain/bin/../lib/gcc/avr/4.6.2/avr51\libgcc.a(_clear_bss.o)
                              Main.o (__do_clear_bss)
o:/avr/as6/extensions/atmel/avrgcc/3.4.0.65/avrtoolchain/bin/../lib/gcc/avr/4.6.2/avr51\libgcc.a(_ctors.o)
                              Main.o (__do_global_ctors)
o:/avr/as6/extensions/atmel/avrgcc/3.4.0.65/avrtoolchain/bin/../lib/gcc/avr/4.6.2/avr51\libgcc.a(_udivmodsi4.o)
                              o:/avr/as6/extensions/atmel/avrgcc/3.4.0.65/avrtoolchain/bin/../lib/gcc/avr/4.6.2/avr51\libgcc.a(_divmodsi4.o) (__udivmodsi4)
o:/avr/as6/extensions/atmel/avrgcc/3.4.0.65/avrtoolchain/bin/../lib/gcc/avr/4.6.2/avr51\libgcc.a(_tablejump_elpm.o)
                              o:/avr/as6/extensions/atmel/avrgcc/3.4.0.65/avrtoolchain/bin/../lib/gcc/avr/4.6.2/avr51\libgcc.a(_ctors.o) (__tablejump_elpm__)

Memory Configuration

Name             Origin             Length             Attributes
text             0x00000000         0x00020000         xr
data             0x00800100         0x0000ff00         rw !x
eeprom           0x00810000         0x00010000         rw !x
fuse             0x00820000         0x00000400         rw !x
lock             0x00830000         0x00000400         rw !x
signature        0x00840000         0x00000400         rw !x
*default*        0x00000000         0xffffffff

Linker script and memory map

Address of section .data set to 0x800100
LOAD o:/avr/as6/extensions/atmel/avrgcc/3.4.0.65/avrtoolchain/bin/../lib/gcc/avr/4.6.2/../../../../avr/lib/avr51/crtm128.o
LOAD Main.o
START GROUP
LOAD o:/avr/as6/extensions/atmel/avrgcc/3.4.0.65/avrtoolchain/bin/../lib/gcc/avr/4.6.2/../../../../avr/lib/avr51\libm.a
END GROUP
LOAD o:/avr/as6/extensions/atmel/avrgcc/3.4.0.65/avrtoolchain/bin/../lib/gcc/avr/4.6.2/avr51\libgcc.a
LOAD o:/avr/as6/extensions/atmel/avrgcc/3.4.0.65/avrtoolchain/bin/../lib/gcc/avr/4.6.2/../../../../avr/lib/avr51\libc.a
LOAD o:/avr/as6/extensions/atmel/avrgcc/3.4.0.65/avrtoolchain/bin/../lib/gcc/avr/4.6.2/avr51\libgcc.a

.hash
 *(.hash)

.dynsym
 *(.dynsym)

.dynstr
 *(.dynstr)

.gnu.version
 *(.gnu.version)

.gnu.version_d
 *(.gnu.version_d)

.gnu.version_r
 *(.gnu.version_r)

.rel.init
 *(.rel.init)

.rela.init
 *(.rela.init)

.rel.text
 *(.rel.text)
 *(.rel.text.*)
 *(.rel.gnu.linkonce.t*)

.rela.text
 *(.rela.text)
 *(.rela.text.*)
 *(.rela.gnu.linkonce.t*)

.rel.fini
 *(.rel.fini)

.rela.fini
 *(.rela.fini)

.rel.rodata
 *(.rel.rodata)
 *(.rel.rodata.*)
 *(.rel.gnu.linkonce.r*)

.rela.rodata
 *(.rela.rodata)
 *(.rela.rodata.*)
 *(.rela.gnu.linkonce.r*)

.rel.data
 *(.rel.data)
 *(.rel.data.*)
 *(.rel.gnu.linkonce.d*)

.rela.data
 *(.rela.data)
 *(.rela.data.*)
 *(.rela.gnu.linkonce.d*)

.rel.ctors
 *(.rel.ctors)

.rela.ctors
 *(.rela.ctors)

.rel.dtors
 *(.rel.dtors)

.rela.dtors
 *(.rela.dtors)

.rel.got
 *(.rel.got)

.rela.got
 *(.rela.got)

.rel.bss
 *(.rel.bss)

.rela.bss
 *(.rela.bss)

.rel.plt
 *(.rel.plt)

.rela.plt
 *(.rela.plt)

.text           0x00000000     0x12c6
 *(.vectors)
 .vectors       0x00000000       0x8c o:/avr/as6/extensions/atmel/avrgcc/3.4.0.65/avrtoolchain/bin/../lib/gcc/avr/4.6.2/../../../../avr/lib/avr51/crtm128.o
                0x00000000                __vector_default
                0x00000000                __vectors
 *(.vectors)
 *(.progmem.gcc*)
 *(.progmem*)
 .progmem.data  0x0000008c      0x1dc Main.o
                0x00000268                . = ALIGN (0x2)
                0x00000268                __trampolines_start = .
 *(.trampolines)
 .trampolines   0x00000268        0x0 linker stubs
 *(.trampolines*)
                0x00000268                __trampolines_end = .
 *(.jumptables)
 *(.jumptables*)
 *(.lowtext)
 *(.lowtext*)
                0x00000268                __ctors_start = .
 *(.ctors)
 .ctors         0x00000268        0x2 Main.o
                0x0000026a                __ctors_end = .
                0x0000026a                __dtors_start = .
 *(.dtors)
                0x0000026a                __dtors_end = .
 SORT(*)(.ctors)
 SORT(*)(.dtors)
 *(.init0)
 .init0         0x0000026a        0x0 o:/avr/as6/extensions/atmel/avrgcc/3.4.0.65/avrtoolchain/bin/../lib/gcc/avr/4.6.2/../../../../avr/lib/avr51/crtm128.o
                0x0000026a                __init
 *(.init0)
 *(.init1)
 *(.init1)
 *(.init2)
 .init2         0x0000026a        0xc o:/avr/as6/extensions/atmel/avrgcc/3.4.0.65/avrtoolchain/bin/../lib/gcc/avr/4.6.2/../../../../avr/lib/avr51/crtm128.o
 *(.init2)
 *(.init3)
 *(.init3)
 *(.init4)
 .init4         0x00000276       0x1a o:/avr/as6/extensions/atmel/avrgcc/3.4.0.65/avrtoolchain/bin/../lib/gcc/avr/4.6.2/avr51\libgcc.a(_copy_data.o)
                0x00000276                __do_copy_data
 .init4         0x00000290       0x10 o:/avr/as6/extensions/atmel/avrgcc/3.4.0.65/avrtoolchain/bin/../lib/gcc/avr/4.6.2/avr51\libgcc.a(_clear_bss.o)
                0x00000290                __do_clear_bss
 *(.init4)
 *(.init5)
 *(.init5)
 *(.init6)
 .init6         0x000002a0       0x20 o:/avr/as6/extensions/atmel/avrgcc/3.4.0.65/avrtoolchain/bin/../lib/gcc/avr/4.6.2/avr51\libgcc.a(_ctors.o)
                0x000002a0                __do_global_ctors
 *(.init6)
 *(.init7)
 *(.init7)
 *(.init8)
 *(.init8)
 *(.init9)
 .init9         0x000002c0        0x8 o:/avr/as6/extensions/atmel/avrgcc/3.4.0.65/avrtoolchain/bin/../lib/gcc/avr/4.6.2/../../../../avr/lib/avr51/crtm128.o
 *(.init9)
 *(.text)
 .text          0x000002c8        0x4 o:/avr/as6/extensions/atmel/avrgcc/3.4.0.65/avrtoolchain/bin/../lib/gcc/avr/4.6.2/../../../../avr/lib/avr51/crtm128.o
                0x000002c8                __vector_22
                0x000002c8                __vector_28
                0x000002c8                __vector_1
                0x000002c8                __vector_32
                0x000002c8                __vector_34
                0x000002c8                __vector_24
                0x000002c8                __vector_12
                0x000002c8                __bad_interrupt
                0x000002c8                __vector_6
                0x000002c8                __vector_3
                0x000002c8                __vector_23
                0x000002c8                __vector_25
                0x000002c8                __vector_11
                0x000002c8                __vector_13
                0x000002c8                __vector_17
                0x000002c8                __vector_7
                0x000002c8                __vector_27
                0x000002c8                __vector_5
                0x000002c8                __vector_33
                0x000002c8                __vector_4
                0x000002c8                __vector_9
                0x000002c8                __vector_2
                0x000002c8                __vector_21
                0x000002c8                __vector_15
                0x000002c8                __vector_29
                0x000002c8                __vector_8
                0x000002c8                __vector_26
                0x000002c8                __vector_14
                0x000002c8                __vector_10
                0x000002c8                __vector_20
 .text          0x000002cc      0xe9a Main.o
                0x000002cc                abs(long)
                0x000002f0                syncWait(unsigned long)
                0x00000346                __vector_16
                0x00000392                wait(unsigned long const&)
                0x0000041e                inicializace()
                0x00000426                zvedni()
                0x00000428                poloz()
                0x0000042a                nasad_robot()
                0x0000042c                check_hraci_pole()
                0x0000048c                queue<char, 96u>::push(char)
                0x000004f6                USART1_t::sendChar(char)
                0x00000522                USART1_t::sendNumber(long, unsigned char)
                0x000006a2                __vector_30
                0x00000744                queue<char, 96u>::pop()
                0x00000792                USART1_t::get()
                0x000007b8                aktualizuj_hraci_pole()
                0x00000a42                __vector_31
                0x00000abc                queue<unsigned char, 96u>::push(unsigned char)
                0x00000b26                dynamixel_t::sendChar(unsigned char)
                0x00000b4a                __vector_18
                0x00000bae                queue<unsigned char, 96u>::pop()
                0x00000bfc                dynamixel_t::peek(unsigned char&)
                0x00000c2e                dynamixel_t::com(unsigned char, unsigned char, unsigned char*, unsigned int, unsigned char, unsigned long, unsigned int)
                0x00000e04                dynamixel_t::writeWord(unsigned char, unsigned char, unsigned int)
                0x00000e7e                pozice(unsigned char)
                0x00000ee4                nastav_rychlost()
                0x00000f24                run()
                0x00000f66                cekej()
                0x0000105c                povol()
                0x0000107e                uchop()
                0x000010a0                zakladni_pozice()
                0x000010f6                __vector_19
 .text          0x00001166        0x0 o:/avr/as6/extensions/atmel/avrgcc/3.4.0.65/avrtoolchain/bin/../lib/gcc/avr/4.6.2/avr51\libgcc.a(_divmodsi4.o)
 .text          0x00001166        0x0 o:/avr/as6/extensions/atmel/avrgcc/3.4.0.65/avrtoolchain/bin/../lib/gcc/avr/4.6.2/avr51\libgcc.a(_exit.o)
 .text          0x00001166        0x0 o:/avr/as6/extensions/atmel/avrgcc/3.4.0.65/avrtoolchain/bin/../lib/gcc/avr/4.6.2/avr51\libgcc.a(_copy_data.o)
 .text          0x00001166        0x0 o:/avr/as6/extensions/atmel/avrgcc/3.4.0.65/avrtoolchain/bin/../lib/gcc/avr/4.6.2/avr51\libgcc.a(_clear_bss.o)
 .text          0x00001166        0x0 o:/avr/as6/extensions/atmel/avrgcc/3.4.0.65/avrtoolchain/bin/../lib/gcc/avr/4.6.2/avr51\libgcc.a(_ctors.o)
 .text          0x00001166        0x0 o:/avr/as6/extensions/atmel/avrgcc/3.4.0.65/avrtoolchain/bin/../lib/gcc/avr/4.6.2/avr51\libgcc.a(_udivmodsi4.o)
 .text          0x00001166        0x0 o:/avr/as6/extensions/atmel/avrgcc/3.4.0.65/avrtoolchain/bin/../lib/gcc/avr/4.6.2/avr51\libgcc.a(_tablejump_elpm.o)
                0x00001166                . = ALIGN (0x2)
 *(.text.*)
 .text.startup  0x00001166       0xda Main.o
                0x00001166                main
 .text.libgcc   0x00001240       0x36 o:/avr/as6/extensions/atmel/avrgcc/3.4.0.65/avrtoolchain/bin/../lib/gcc/avr/4.6.2/avr51\libgcc.a(_divmodsi4.o)
                0x00001240                __divmodsi4
 .text.libgcc   0x00001276        0x0 o:/avr/as6/extensions/atmel/avrgcc/3.4.0.65/avrtoolchain/bin/../lib/gcc/avr/4.6.2/avr51\libgcc.a(_exit.o)
 .text.libgcc   0x00001276        0x0 o:/avr/as6/extensions/atmel/avrgcc/3.4.0.65/avrtoolchain/bin/../lib/gcc/avr/4.6.2/avr51\libgcc.a(_copy_data.o)
 .text.libgcc   0x00001276        0x0 o:/avr/as6/extensions/atmel/avrgcc/3.4.0.65/avrtoolchain/bin/../lib/gcc/avr/4.6.2/avr51\libgcc.a(_clear_bss.o)
 .text.libgcc   0x00001276        0x0 o:/avr/as6/extensions/atmel/avrgcc/3.4.0.65/avrtoolchain/bin/../lib/gcc/avr/4.6.2/avr51\libgcc.a(_ctors.o)
 .text.libgcc   0x00001276       0x44 o:/avr/as6/extensions/atmel/avrgcc/3.4.0.65/avrtoolchain/bin/../lib/gcc/avr/4.6.2/avr51\libgcc.a(_udivmodsi4.o)
                0x00001276                __udivmodsi4
 .text.libgcc   0x000012ba        0x8 o:/avr/as6/extensions/atmel/avrgcc/3.4.0.65/avrtoolchain/bin/../lib/gcc/avr/4.6.2/avr51\libgcc.a(_tablejump_elpm.o)
                0x000012ba                __tablejump_elpm__
                0x000012c2                . = ALIGN (0x2)
 *(.fini9)
 .fini9         0x000012c2        0x0 o:/avr/as6/extensions/atmel/avrgcc/3.4.0.65/avrtoolchain/bin/../lib/gcc/avr/4.6.2/avr51\libgcc.a(_exit.o)
                0x000012c2                _exit
                0x000012c2                exit
 *(.fini9)
 *(.fini8)
 *(.fini8)
 *(.fini7)
 *(.fini7)
 *(.fini6)
 *(.fini6)
 *(.fini5)
 *(.fini5)
 *(.fini4)
 *(.fini4)
 *(.fini3)
 *(.fini3)
 *(.fini2)
 *(.fini2)
 *(.fini1)
 *(.fini1)
 *(.fini0)
 .fini0         0x000012c2        0x4 o:/avr/as6/extensions/atmel/avrgcc/3.4.0.65/avrtoolchain/bin/../lib/gcc/avr/4.6.2/avr51\libgcc.a(_exit.o)
 *(.fini0)
                0x000012c6                _etext = .

.data           0x00800100       0x20 load address 0x000012c6
                0x00800100                PROVIDE (__data_start, .)
 *(.data)
 .data          0x00800100        0x0 o:/avr/as6/extensions/atmel/avrgcc/3.4.0.65/avrtoolchain/bin/../lib/gcc/avr/4.6.2/../../../../avr/lib/avr51/crtm128.o
 .data          0x00800100       0x1f Main.o
 .data          0x0080011f        0x0 o:/avr/as6/extensions/atmel/avrgcc/3.4.0.65/avrtoolchain/bin/../lib/gcc/avr/4.6.2/avr51\libgcc.a(_divmodsi4.o)
 .data          0x0080011f        0x0 o:/avr/as6/extensions/atmel/avrgcc/3.4.0.65/avrtoolchain/bin/../lib/gcc/avr/4.6.2/avr51\libgcc.a(_exit.o)
 .data          0x0080011f        0x0 o:/avr/as6/extensions/atmel/avrgcc/3.4.0.65/avrtoolchain/bin/../lib/gcc/avr/4.6.2/avr51\libgcc.a(_copy_data.o)
 .data          0x0080011f        0x0 o:/avr/as6/extensions/atmel/avrgcc/3.4.0.65/avrtoolchain/bin/../lib/gcc/avr/4.6.2/avr51\libgcc.a(_clear_bss.o)
 .data          0x0080011f        0x0 o:/avr/as6/extensions/atmel/avrgcc/3.4.0.65/avrtoolchain/bin/../lib/gcc/avr/4.6.2/avr51\libgcc.a(_ctors.o)
 .data          0x0080011f        0x0 o:/avr/as6/extensions/atmel/avrgcc/3.4.0.65/avrtoolchain/bin/../lib/gcc/avr/4.6.2/avr51\libgcc.a(_udivmodsi4.o)
 .data          0x0080011f        0x0 o:/avr/as6/extensions/atmel/avrgcc/3.4.0.65/avrtoolchain/bin/../lib/gcc/avr/4.6.2/avr51\libgcc.a(_tablejump_elpm.o)
 *(.data*)
 *(.rodata)
 *(.rodata*)
 *(.gnu.linkonce.d*)
                0x00800120                . = ALIGN (0x2)
 *fill*         0x0080011f        0x1 00
                0x00800120                _edata = .
                0x00800120                PROVIDE (__data_end, .)

.bss            0x00800120      0x29a
                0x00800120                PROVIDE (__bss_start, .)
 *(.bss)
 .bss           0x00800120        0x0 o:/avr/as6/extensions/atmel/avrgcc/3.4.0.65/avrtoolchain/bin/../lib/gcc/avr/4.6.2/../../../../avr/lib/avr51/crtm128.o
 .bss           0x00800120      0x29a Main.o
                0x00800120                domecek
                0x00800128                hraci_pole
                0x0080012c                i2
                0x0080012d                i
                0x0080012e                eeprom
                0x0080012f                led
                0x00800130                buttons
                0x00800131                sensor
                0x00800197                motor
                0x008001fd                bus
                0x008002c7                g_stopwatch_tickCounter
                0x008002cb                pc
 .bss           0x008003ba        0x0 o:/avr/as6/extensions/atmel/avrgcc/3.4.0.65/avrtoolchain/bin/../lib/gcc/avr/4.6.2/avr51\libgcc.a(_divmodsi4.o)
 .bss           0x008003ba        0x0 o:/avr/as6/extensions/atmel/avrgcc/3.4.0.65/avrtoolchain/bin/../lib/gcc/avr/4.6.2/avr51\libgcc.a(_exit.o)
 .bss           0x008003ba        0x0 o:/avr/as6/extensions/atmel/avrgcc/3.4.0.65/avrtoolchain/bin/../lib/gcc/avr/4.6.2/avr51\libgcc.a(_copy_data.o)
 .bss           0x008003ba        0x0 o:/avr/as6/extensions/atmel/avrgcc/3.4.0.65/avrtoolchain/bin/../lib/gcc/avr/4.6.2/avr51\libgcc.a(_clear_bss.o)
 .bss           0x008003ba        0x0 o:/avr/as6/extensions/atmel/avrgcc/3.4.0.65/avrtoolchain/bin/../lib/gcc/avr/4.6.2/avr51\libgcc.a(_ctors.o)
 .bss           0x008003ba        0x0 o:/avr/as6/extensions/atmel/avrgcc/3.4.0.65/avrtoolchain/bin/../lib/gcc/avr/4.6.2/avr51\libgcc.a(_udivmodsi4.o)
 .bss           0x008003ba        0x0 o:/avr/as6/extensions/atmel/avrgcc/3.4.0.65/avrtoolchain/bin/../lib/gcc/avr/4.6.2/avr51\libgcc.a(_tablejump_elpm.o)
 *(.bss*)
 *(COMMON)
                0x008003ba                PROVIDE (__bss_end, .)
                0x000012c6                __data_load_start = LOADADDR (.data)
                0x000012e6                __data_load_end = (__data_load_start + SIZEOF (.data))

.noinit         0x008003ba        0x0
                0x008003ba                PROVIDE (__noinit_start, .)
 *(.noinit*)
                0x008003ba                PROVIDE (__noinit_end, .)
                0x008003ba                _end = .
                0x008003ba                PROVIDE (__heap_start, .)

.eeprom         0x00810000        0x0
 *(.eeprom*)
                0x00810000                __eeprom_end = .

.fuse
 *(.fuse)
 *(.lfuse)
 *(.hfuse)
 *(.efuse)

.lock
 *(.lock*)

.signature
 *(.signature*)

.stab           0x00000000      0x6cc
 *(.stab)
 .stab          0x00000000      0x6cc o:/avr/as6/extensions/atmel/avrgcc/3.4.0.65/avrtoolchain/bin/../lib/gcc/avr/4.6.2/../../../../avr/lib/avr51/crtm128.o

.stabstr        0x00000000       0x85
 *(.stabstr)
 .stabstr       0x00000000       0x85 o:/avr/as6/extensions/atmel/avrgcc/3.4.0.65/avrtoolchain/bin/../lib/gcc/avr/4.6.2/../../../../avr/lib/avr51/crtm128.o

.stab.excl
 *(.stab.excl)

.stab.exclstr
 *(.stab.exclstr)

.stab.index
 *(.stab.index)

.stab.indexstr
 *(.stab.indexstr)

.comment
 *(.comment)

.debug
 *(.debug)

.line
 *(.line)

.debug_srcinfo
 *(.debug_srcinfo)

.debug_sfnames
 *(.debug_sfnames)

.debug_aranges  0x00000000      0x110
 *(.debug_aranges)
 .debug_aranges
                0x00000000       0x30 Main.o
 .debug_aranges
                0x00000030       0x20 o:/avr/as6/extensions/atmel/avrgcc/3.4.0.65/avrtoolchain/bin/../lib/gcc/avr/4.6.2/avr51\libgcc.a(_divmodsi4.o)
 .debug_aranges
                0x00000050       0x20 o:/avr/as6/extensions/atmel/avrgcc/3.4.0.65/avrtoolchain/bin/../lib/gcc/avr/4.6.2/avr51\libgcc.a(_exit.o)
 .debug_aranges
                0x00000070       0x20 o:/avr/as6/extensions/atmel/avrgcc/3.4.0.65/avrtoolchain/bin/../lib/gcc/avr/4.6.2/avr51\libgcc.a(_copy_data.o)
 .debug_aranges
                0x00000090       0x20 o:/avr/as6/extensions/atmel/avrgcc/3.4.0.65/avrtoolchain/bin/../lib/gcc/avr/4.6.2/avr51\libgcc.a(_clear_bss.o)
 .debug_aranges
                0x000000b0       0x20 o:/avr/as6/extensions/atmel/avrgcc/3.4.0.65/avrtoolchain/bin/../lib/gcc/avr/4.6.2/avr51\libgcc.a(_ctors.o)
 .debug_aranges
                0x000000d0       0x20 o:/avr/as6/extensions/atmel/avrgcc/3.4.0.65/avrtoolchain/bin/../lib/gcc/avr/4.6.2/avr51\libgcc.a(_udivmodsi4.o)
 .debug_aranges
                0x000000f0       0x20 o:/avr/as6/extensions/atmel/avrgcc/3.4.0.65/avrtoolchain/bin/../lib/gcc/avr/4.6.2/avr51\libgcc.a(_tablejump_elpm.o)

.debug_pubnames
 *(.debug_pubnames)

.debug_info     0x00000000     0x3ed4
 *(.debug_info)
 .debug_info    0x00000000     0x38c2 Main.o
 .debug_info    0x000038c2       0xde o:/avr/as6/extensions/atmel/avrgcc/3.4.0.65/avrtoolchain/bin/../lib/gcc/avr/4.6.2/avr51\libgcc.a(_divmodsi4.o)
 .debug_info    0x000039a0       0xde o:/avr/as6/extensions/atmel/avrgcc/3.4.0.65/avrtoolchain/bin/../lib/gcc/avr/4.6.2/avr51\libgcc.a(_exit.o)
 .debug_info    0x00003a7e       0xde o:/avr/as6/extensions/atmel/avrgcc/3.4.0.65/avrtoolchain/bin/../lib/gcc/avr/4.6.2/avr51\libgcc.a(_copy_data.o)
 .debug_info    0x00003b5c       0xde o:/avr/as6/extensions/atmel/avrgcc/3.4.0.65/avrtoolchain/bin/../lib/gcc/avr/4.6.2/avr51\libgcc.a(_clear_bss.o)
 .debug_info    0x00003c3a       0xde o:/avr/as6/extensions/atmel/avrgcc/3.4.0.65/avrtoolchain/bin/../lib/gcc/avr/4.6.2/avr51\libgcc.a(_ctors.o)
 .debug_info    0x00003d18       0xde o:/avr/as6/extensions/atmel/avrgcc/3.4.0.65/avrtoolchain/bin/../lib/gcc/avr/4.6.2/avr51\libgcc.a(_udivmodsi4.o)
 .debug_info    0x00003df6       0xde o:/avr/as6/extensions/atmel/avrgcc/3.4.0.65/avrtoolchain/bin/../lib/gcc/avr/4.6.2/avr51\libgcc.a(_tablejump_elpm.o)
 *(.gnu.linkonce.wi.*)

.debug_abbrev   0x00000000      0x6f7
 *(.debug_abbrev)
 .debug_abbrev  0x00000000      0x66b Main.o
 .debug_abbrev  0x0000066b       0x14 o:/avr/as6/extensions/atmel/avrgcc/3.4.0.65/avrtoolchain/bin/../lib/gcc/avr/4.6.2/avr51\libgcc.a(_divmodsi4.o)
 .debug_abbrev  0x0000067f       0x14 o:/avr/as6/extensions/atmel/avrgcc/3.4.0.65/avrtoolchain/bin/../lib/gcc/avr/4.6.2/avr51\libgcc.a(_exit.o)
 .debug_abbrev  0x00000693       0x14 o:/avr/as6/extensions/atmel/avrgcc/3.4.0.65/avrtoolchain/bin/../lib/gcc/avr/4.6.2/avr51\libgcc.a(_copy_data.o)
 .debug_abbrev  0x000006a7       0x14 o:/avr/as6/extensions/atmel/avrgcc/3.4.0.65/avrtoolchain/bin/../lib/gcc/avr/4.6.2/avr51\libgcc.a(_clear_bss.o)
 .debug_abbrev  0x000006bb       0x14 o:/avr/as6/extensions/atmel/avrgcc/3.4.0.65/avrtoolchain/bin/../lib/gcc/avr/4.6.2/avr51\libgcc.a(_ctors.o)
 .debug_abbrev  0x000006cf       0x14 o:/avr/as6/extensions/atmel/avrgcc/3.4.0.65/avrtoolchain/bin/../lib/gcc/avr/4.6.2/avr51\libgcc.a(_udivmodsi4.o)
 .debug_abbrev  0x000006e3       0x14 o:/avr/as6/extensions/atmel/avrgcc/3.4.0.65/avrtoolchain/bin/../lib/gcc/avr/4.6.2/avr51\libgcc.a(_tablejump_elpm.o)

.debug_line     0x00000000      0x9e2
 *(.debug_line)
 .debug_line    0x00000000      0x5d1 Main.o
 .debug_line    0x000005d1       0xa1 o:/avr/as6/extensions/atmel/avrgcc/3.4.0.65/avrtoolchain/bin/../lib/gcc/avr/4.6.2/avr51\libgcc.a(_divmodsi4.o)
 .debug_line    0x00000672       0x88 o:/avr/as6/extensions/atmel/avrgcc/3.4.0.65/avrtoolchain/bin/../lib/gcc/avr/4.6.2/avr51\libgcc.a(_exit.o)
 .debug_line    0x000006fa       0x93 o:/avr/as6/extensions/atmel/avrgcc/3.4.0.65/avrtoolchain/bin/../lib/gcc/avr/4.6.2/avr51\libgcc.a(_copy_data.o)
 .debug_line    0x0000078d       0x8e o:/avr/as6/extensions/atmel/avrgcc/3.4.0.65/avrtoolchain/bin/../lib/gcc/avr/4.6.2/avr51\libgcc.a(_clear_bss.o)
 .debug_line    0x0000081b       0x95 o:/avr/as6/extensions/atmel/avrgcc/3.4.0.65/avrtoolchain/bin/../lib/gcc/avr/4.6.2/avr51\libgcc.a(_ctors.o)
 .debug_line    0x000008b0       0xa8 o:/avr/as6/extensions/atmel/avrgcc/3.4.0.65/avrtoolchain/bin/../lib/gcc/avr/4.6.2/avr51\libgcc.a(_udivmodsi4.o)
 .debug_line    0x00000958       0x8a o:/avr/as6/extensions/atmel/avrgcc/3.4.0.65/avrtoolchain/bin/../lib/gcc/avr/4.6.2/avr51\libgcc.a(_tablejump_elpm.o)

.debug_frame    0x00000000      0x5a8
 *(.debug_frame)
 .debug_frame   0x00000000      0x5a8 Main.o

.debug_str      0x00000000     0x1cd0
 *(.debug_str)
 .debug_str     0x00000000     0x1cd0 Main.o
                               0x1d8e (size before relaxing)

.debug_loc      0x00000000     0x15f3
 *(.debug_loc)
 .debug_loc     0x00000000     0x15f3 Main.o

.debug_macinfo
 *(.debug_macinfo)
OUTPUT(Robot_vychozi_CM5.elf elf32-avr)
LOAD linker stubs

.debug_ranges   0x00000000      0x1e8
 .debug_ranges  0x00000000      0x1e8 Main.o
